  ▲ Next.js 14.2.35
  - Environments: .env.local, .env.production

   Creating an optimized production build ...
Failed to compile.

app/layout.tsx
An error occurred in `next/font`.

Error: Cannot find module '@alloc/quick-lru'
Require stack:
- /Users/macbook/ava::cell/ava-cell/node_modules/tailwindcss/lib/lib/setupTrackingContext.js
- /Users/macbook/ava::cell/ava-cell/node_modules/tailwindcss/lib/plugin.js
- /Users/macbook/ava::cell/ava-cell/node_modules/tailwindcss/lib/index.js
- /Users/macbook/ava::cell/ava-cell/node_modules/next/dist/build/webpack/config/blocks/css/plugins.js
- /Users/macbook/ava::cell/ava-cell/node_modules/next/dist/build/webpack/config/blocks/css/index.js
- /Users/macbook/ava::cell/ava-cell/node_modules/next/dist/build/webpack/config/index.js
- /Users/macbook/ava::cell/ava-cell/node_modules/next/dist/build/webpack-config.js
- /Users/macbook/ava::cell/ava-cell/node_modules/next/dist/build/webpack-build/impl.js
- /Users/macbook/ava::cell/ava-cell/node_modules/next/dist/compiled/jest-worker/processChild.js
    at Function.<anonymous> (node:internal/modules/cjs/loader:1401:15)
    at /Users/macbook/ava::cell/ava-cell/node_modules/next/dist/server/require-hook.js:55:36
    at defaultResolveImpl (node:internal/modules/cjs/loader:1057:19)
    at resolveForCJSWithHooks (node:internal/modules/cjs/loader:1062:22)
    at Function._load (node:internal/modules/cjs/loader:1211:37)
    at TracingChannel.traceSync (node:diagnostics_channel:322:14)
    at wrapModuleLoad (node:internal/modules/cjs/loader:235:24)
    at Module.<anonymous> (node:internal/modules/cjs/loader:1487:12)
    at mod.require (/Users/macbook/ava::cell/ava-cell/node_modules/next/dist/server/require-hook.js:65:28)
    at require (node:internal/modules/helpers:135:16)


> Build failed because of webpack errors
